// Jest Snapshot v1, https://goo.gl/fbAQLP

exports[`should render DashboardPage correctly 1`] = `
ShallowWrapper {
  Symbol(enzyme.__root__): [Circular],
  Symbol(enzyme.__unrendered__): <DashboardPage
    history={
        Object {
            "push": [Function],
          }
    }
/>,
  Symbol(enzyme.__renderer__): Object {
    "batchedUpdates": [Function],
    "getNode": [Function],
    "render": [Function],
    "simulateEvent": [Function],
    "unmount": [Function],
  },
  Symbol(enzyme.__node__): Object {
    "instance": null,
    "key": undefined,
    "nodeType": "host",
    "props": Object {
      "children": Array [
        <Header />,
        <Route
          component={[Function]}
          path="/orders/:pageIndex"
/>,
        <div
          style={
                    Object {
                              "display": "flex",
                              "justifyContent": "center",
                            }
          }
>
          <div
                    className="controls"
          >
                    <Link
                              className="page-link"
                              replace={false}
                              to="/orders/0"
                    >
                              &lt;&lt;
                    </Link>
                    <div
                              onClick={undefined}
                    />
                    <Connect(Component)
                              index={NaN}
                    />
                    <Connect(Component)
                              index={NaN}
                    />
                    <Connect(Component)
                              index={NaN}
                    />
                    <Connect(Component)
                              index={NaN}
                    />
                    <Connect(Component)
                              index={NaN}
                    />
                    <Link
                              className="page-link"
                              replace={false}
                              to="/orders/NaN"
                    >
                              &gt;&gt;
                    </Link>
          </div>
</div>,
      ],
      "className": "dashboard-page",
    },
    "ref": null,
    "rendered": Array [
      Object {
        "instance": null,
        "key": undefined,
        "nodeType": "class",
        "props": Object {},
        "ref": null,
        "rendered": null,
        "type": [Function],
      },
      Object {
        "instance": null,
        "key": undefined,
        "nodeType": "class",
        "props": Object {
          "component": [Function],
          "path": "/orders/:pageIndex",
        },
        "ref": null,
        "rendered": null,
        "type": [Function],
      },
      Object {
        "instance": null,
        "key": undefined,
        "nodeType": "host",
        "props": Object {
          "children": <div
            className="controls"
>
            <Link
                        className="page-link"
                        replace={false}
                        to="/orders/0"
            >
                        &lt;&lt;
            </Link>
            <div
                        onClick={undefined}
            />
            <Connect(Component)
                        index={NaN}
            />
            <Connect(Component)
                        index={NaN}
            />
            <Connect(Component)
                        index={NaN}
            />
            <Connect(Component)
                        index={NaN}
            />
            <Connect(Component)
                        index={NaN}
            />
            <Link
                        className="page-link"
                        replace={false}
                        to="/orders/NaN"
            >
                        &gt;&gt;
            </Link>
</div>,
          "style": Object {
            "display": "flex",
            "justifyContent": "center",
          },
        },
        "ref": null,
        "rendered": Object {
          "instance": null,
          "key": undefined,
          "nodeType": "host",
          "props": Object {
            "children": Array [
              <Link
                className="page-link"
                replace={false}
                to="/orders/0"
>
                &lt;&lt;
</Link>,
              <div
                onClick={undefined}
/>,
              <Connect(Component)
                index={NaN}
/>,
              <Connect(Component)
                index={NaN}
/>,
              <Connect(Component)
                index={NaN}
/>,
              <Connect(Component)
                index={NaN}
/>,
              <Connect(Component)
                index={NaN}
/>,
              false,
              <Link
                className="page-link"
                replace={false}
                to="/orders/NaN"
>
                &gt;&gt;
</Link>,
            ],
            "className": "controls",
          },
          "ref": null,
          "rendered": Array [
            Object {
              "instance": null,
              "key": undefined,
              "nodeType": "class",
              "props": Object {
                "children": "<<",
                "className": "page-link",
                "replace": false,
                "to": "/orders/0",
              },
              "ref": null,
              "rendered": "<<",
              "type": [Function],
            },
            Object {
              "instance": null,
              "key": undefined,
              "nodeType": "host",
              "props": Object {
                "children": false,
                "onClick": undefined,
              },
              "ref": null,
              "rendered": false,
              "type": "div",
            },
            Object {
              "instance": null,
              "key": undefined,
              "nodeType": "class",
              "props": Object {
                "index": NaN,
              },
              "ref": null,
              "rendered": null,
              "type": [Function],
            },
            Object {
              "instance": null,
              "key": undefined,
              "nodeType": "class",
              "props": Object {
                "index": NaN,
              },
              "ref": null,
              "rendered": null,
              "type": [Function],
            },
            Object {
              "instance": null,
              "key": undefined,
              "nodeType": "class",
              "props": Object {
                "index": NaN,
              },
              "ref": null,
              "rendered": null,
              "type": [Function],
            },
            Object {
              "instance": null,
              "key": undefined,
              "nodeType": "class",
              "props": Object {
                "index": NaN,
              },
              "ref": null,
              "rendered": null,
              "type": [Function],
            },
            Object {
              "instance": null,
              "key": undefined,
              "nodeType": "class",
              "props": Object {
                "index": NaN,
              },
              "ref": null,
              "rendered": null,
              "type": [Function],
            },
            false,
            Object {
              "instance": null,
              "key": undefined,
              "nodeType": "class",
              "props": Object {
                "children": ">>",
                "className": "page-link",
                "replace": false,
                "to": "/orders/NaN",
              },
              "ref": null,
              "rendered": ">>",
              "type": [Function],
            },
          ],
          "type": "div",
        },
        "type": "div",
      },
    ],
    "type": "div",
  },
  Symbol(enzyme.__nodes__): Array [
    Object {
      "instance": null,
      "key": undefined,
      "nodeType": "host",
      "props": Object {
        "children": Array [
          <Header />,
          <Route
            component={[Function]}
            path="/orders/:pageIndex"
/>,
          <div
            style={
                        Object {
                                    "display": "flex",
                                    "justifyContent": "center",
                                  }
            }
>
            <div
                        className="controls"
            >
                        <Link
                                    className="page-link"
                                    replace={false}
                                    to="/orders/0"
                        >
                                    &lt;&lt;
                        </Link>
                        <div
                                    onClick={undefined}
                        />
                        <Connect(Component)
                                    index={NaN}
                        />
                        <Connect(Component)
                                    index={NaN}
                        />
                        <Connect(Component)
                                    index={NaN}
                        />
                        <Connect(Component)
                                    index={NaN}
                        />
                        <Connect(Component)
                                    index={NaN}
                        />
                        <Link
                                    className="page-link"
                                    replace={false}
                                    to="/orders/NaN"
                        >
                                    &gt;&gt;
                        </Link>
            </div>
</div>,
        ],
        "className": "dashboard-page",
      },
      "ref": null,
      "rendered": Array [
        Object {
          "instance": null,
          "key": undefined,
          "nodeType": "class",
          "props": Object {},
          "ref": null,
          "rendered": null,
          "type": [Function],
        },
        Object {
          "instance": null,
          "key": undefined,
          "nodeType": "class",
          "props": Object {
            "component": [Function],
            "path": "/orders/:pageIndex",
          },
          "ref": null,
          "rendered": null,
          "type": [Function],
        },
        Object {
          "instance": null,
          "key": undefined,
          "nodeType": "host",
          "props": Object {
            "children": <div
              className="controls"
>
              <Link
                            className="page-link"
                            replace={false}
                            to="/orders/0"
              >
                            &lt;&lt;
              </Link>
              <div
                            onClick={undefined}
              />
              <Connect(Component)
                            index={NaN}
              />
              <Connect(Component)
                            index={NaN}
              />
              <Connect(Component)
                            index={NaN}
              />
              <Connect(Component)
                            index={NaN}
              />
              <Connect(Component)
                            index={NaN}
              />
              <Link
                            className="page-link"
                            replace={false}
                            to="/orders/NaN"
              >
                            &gt;&gt;
              </Link>
</div>,
            "style": Object {
              "display": "flex",
              "justifyContent": "center",
            },
          },
          "ref": null,
          "rendered": Object {
            "instance": null,
            "key": undefined,
            "nodeType": "host",
            "props": Object {
              "children": Array [
                <Link
                  className="page-link"
                  replace={false}
                  to="/orders/0"
>
                  &lt;&lt;
</Link>,
                <div
                  onClick={undefined}
/>,
                <Connect(Component)
                  index={NaN}
/>,
                <Connect(Component)
                  index={NaN}
/>,
                <Connect(Component)
                  index={NaN}
/>,
                <Connect(Component)
                  index={NaN}
/>,
                <Connect(Component)
                  index={NaN}
/>,
                false,
                <Link
                  className="page-link"
                  replace={false}
                  to="/orders/NaN"
>
                  &gt;&gt;
</Link>,
              ],
              "className": "controls",
            },
            "ref": null,
            "rendered": Array [
              Object {
                "instance": null,
                "key": undefined,
                "nodeType": "class",
                "props": Object {
                  "children": "<<",
                  "className": "page-link",
                  "replace": false,
                  "to": "/orders/0",
                },
                "ref": null,
                "rendered": "<<",
                "type": [Function],
              },
              Object {
                "instance": null,
                "key": undefined,
                "nodeType": "host",
                "props": Object {
                  "children": false,
                  "onClick": undefined,
                },
                "ref": null,
                "rendered": false,
                "type": "div",
              },
              Object {
                "instance": null,
                "key": undefined,
                "nodeType": "class",
                "props": Object {
                  "index": NaN,
                },
                "ref": null,
                "rendered": null,
                "type": [Function],
              },
              Object {
                "instance": null,
                "key": undefined,
                "nodeType": "class",
                "props": Object {
                  "index": NaN,
                },
                "ref": null,
                "rendered": null,
                "type": [Function],
              },
              Object {
                "instance": null,
                "key": undefined,
                "nodeType": "class",
                "props": Object {
                  "index": NaN,
                },
                "ref": null,
                "rendered": null,
                "type": [Function],
              },
              Object {
                "instance": null,
                "key": undefined,
                "nodeType": "class",
                "props": Object {
                  "index": NaN,
                },
                "ref": null,
                "rendered": null,
                "type": [Function],
              },
              Object {
                "instance": null,
                "key": undefined,
                "nodeType": "class",
                "props": Object {
                  "index": NaN,
                },
                "ref": null,
                "rendered": null,
                "type": [Function],
              },
              false,
              Object {
                "instance": null,
                "key": undefined,
                "nodeType": "class",
                "props": Object {
                  "children": ">>",
                  "className": "page-link",
                  "replace": false,
                  "to": "/orders/NaN",
                },
                "ref": null,
                "rendered": ">>",
                "type": [Function],
              },
            ],
            "type": "div",
          },
          "type": "div",
        },
      ],
      "type": "div",
    },
  ],
  Symbol(enzyme.__options__): Object {
    "adapter": ReactSixteenAdapter {
      "options": Object {
        "enableComponentDidUpdateOnSetState": true,
        "lifecycles": Object {
          "componentDidUpdate": Object {
            "onSetState": true,
          },
          "getSnapshotBeforeUpdate": true,
        },
      },
    },
    "attachTo": undefined,
    "hydrateIn": undefined,
  },
}
`;
